2025-07-08 07:48:21,225 - aqt.main - INFO - installer 140079103425408 aqtinstall(aqt) v3.3.0 on Python 3.12.11 [CPython GCC 13.3.0]
2025-07-08 07:48:21,521 - aqt.main - INFO - installer 140280410778496 aqtinstall(aqt) v3.3.0 on Python 3.12.11 [CPython GCC 13.3.0]
2025-07-08 07:48:21,522 - aqt.helper - DEBUG - helper 140280410778496 Attempt to download checksum at https://download.qt.io/online/qtsdkrepository/linux_x64/desktop/qt6_650/Updates.xml.sha256
2025-07-08 07:48:23,453 - aqt.helper - DEBUG - helper 140506703760256 Attempt to download checksum at https://download.qt.io/online/qtsdkrepository/linux_x64/desktop/qt6_650/qt.qt6.650.gcc_64/6.5.0-0-202303290841qtbase-Linux-RHEL_8_4-GCC-Linux-RHEL_8_4-X86_64.7z.sha256
2025-07-08 07:48:23,465 - aqt.helper - DEBUG - helper 139758205901696 Attempt to download checksum at https://download.qt.io/online/qtsdkrepository/linux_x64/desktop/qt6_650/qt.qt6.650.gcc_64/6.5.0-0-202303290841qtsvg-Linux-RHEL_8_4-GCC-Linux-RHEL_8_4-X86_64.7z.sha256
2025-07-08 07:48:23,474 - aqt.helper - DEBUG - helper 139871353191296 Attempt to download checksum at https://download.qt.io/online/qtsdkrepository/linux_x64/desktop/qt6_650/qt.qt6.650.gcc_64/6.5.0-0-202303290841qtdeclarative-Linux-RHEL_8_4-GCC-Linux-RHEL_8_4-X86_64.7z.sha256
2025-07-08 07:48:23,522 - aqt.helper - DEBUG - helper 140408922585984 Attempt to download checksum at https://download.qt.io/online/qtsdkrepository/linux_x64/desktop/qt6_650/qt.qt6.650.gcc_64/6.5.0-0-202303290841qttools-Linux-RHEL_8_4-GCC-Linux-RHEL_8_4-X86_64.7z.sha256
2025-07-08 07:48:24,253 - aqt.helper - INFO - helper 139758205901696 Downloading qtsvg...
2025-07-08 07:48:24,255 - aqt.helper - INFO - helper 140408922585984 Downloading qttools...
2025-07-08 07:48:24,255 - aqt.helper - INFO - helper 140506703760256 Downloading qtbase...
2025-07-08 07:48:24,253 - aqt.installer - DEBUG - installer 139758205901696 Download URL: https://download.qt.io/online/qtsdkrepository/linux_x64/desktop/qt6_650/qt.qt6.650.gcc_64/6.5.0-0-202303290841qtsvg-Linux-RHEL_8_4-GCC-Linux-RHEL_8_4-X86_64.7z
2025-07-08 07:48:24,255 - aqt.helper - INFO - helper 139871353191296 Downloading qtdeclarative...
2025-07-08 07:48:24,255 - aqt.installer - DEBUG - installer 140506703760256 Download URL: https://download.qt.io/online/qtsdkrepository/linux_x64/desktop/qt6_650/qt.qt6.650.gcc_64/6.5.0-0-202303290841qtbase-Linux-RHEL_8_4-GCC-Linux-RHEL_8_4-X86_64.7z
2025-07-08 07:48:24,256 - aqt.installer - DEBUG - installer 139871353191296 Download URL: https://download.qt.io/online/qtsdkrepository/linux_x64/desktop/qt6_650/qt.qt6.650.gcc_64/6.5.0-0-202303290841qtdeclarative-Linux-RHEL_8_4-GCC-Linux-RHEL_8_4-X86_64.7z
2025-07-08 07:48:24,255 - aqt.installer - DEBUG - installer 140408922585984 Download URL: https://download.qt.io/online/qtsdkrepository/linux_x64/desktop/qt6_650/qt.qt6.650.gcc_64/6.5.0-0-202303290841qttools-Linux-RHEL_8_4-GCC-Linux-RHEL_8_4-X86_64.7z
2025-07-08 07:48:24,882 - aqt.helper - DEBUG - helper 139758205901696 Asked to redirect(302) to: https://qt.mirror.constant.com/online/qtsdkrepository/linux_x64/desktop/qt6_650/qt.qt6.650.gcc_64/6.5.0-0-202303290841qtsvg-Linux-RHEL_8_4-GCC-Linux-RHEL_8_4-X86_64.7z
2025-07-08 07:48:24,882 - aqt.helper - DEBUG - helper 140408922585984 Asked to redirect(302) to: https://qt.mirror.constant.com/online/qtsdkrepository/linux_x64/desktop/qt6_650/qt.qt6.650.gcc_64/6.5.0-0-202303290841qttools-Linux-RHEL_8_4-GCC-Linux-RHEL_8_4-X86_64.7z
2025-07-08 07:48:24,883 - aqt.helper - INFO - helper 140408922585984 Redirected: qt.mirror.constant.com
2025-07-08 07:48:24,883 - aqt.helper - INFO - helper 139758205901696 Redirected: qt.mirror.constant.com
2025-07-08 07:48:24,885 - aqt.helper - DEBUG - helper 140506703760256 Asked to redirect(302) to: https://qt.mirror.constant.com/online/qtsdkrepository/linux_x64/desktop/qt6_650/qt.qt6.650.gcc_64/6.5.0-0-202303290841qtbase-Linux-RHEL_8_4-GCC-Linux-RHEL_8_4-X86_64.7z
2025-07-08 07:48:24,885 - aqt.helper - INFO - helper 140506703760256 Redirected: qt.mirror.constant.com
2025-07-08 07:48:24,885 - aqt.helper - DEBUG - helper 139871353191296 Asked to redirect(302) to: https://qt.mirror.constant.com/online/qtsdkrepository/linux_x64/desktop/qt6_650/qt.qt6.650.gcc_64/6.5.0-0-202303290841qtdeclarative-Linux-RHEL_8_4-GCC-Linux-RHEL_8_4-X86_64.7z
2025-07-08 07:48:24,885 - aqt.helper - INFO - helper 139871353191296 Redirected: qt.mirror.constant.com
2025-07-08 07:48:25,067 - aqt.installer - INFO - installer 139758205901696 Finished installation of qtsvg-Linux-RHEL_8_4-GCC-Linux-RHEL_8_4-X86_64.7z in 1.60388515
2025-07-08 07:48:25,084 - aqt.helper - DEBUG - helper 139758205901696 Attempt to download checksum at https://download.qt.io/online/qtsdkrepository/linux_x64/desktop/qt6_650/qt.qt6.650.gcc_64/6.5.0-0-202303290841qttranslations-Linux-RHEL_8_4-GCC-Linux-RHEL_8_4-X86_64.7z.sha256
2025-07-08 07:48:25,790 - aqt.helper - INFO - helper 139758205901696 Downloading qttranslations...
2025-07-08 07:48:25,790 - aqt.installer - DEBUG - installer 139758205901696 Download URL: https://download.qt.io/online/qtsdkrepository/linux_x64/desktop/qt6_650/qt.qt6.650.gcc_64/6.5.0-0-202303290841qttranslations-Linux-RHEL_8_4-GCC-Linux-RHEL_8_4-X86_64.7z
2025-07-08 07:48:26,338 - aqt.helper - DEBUG - helper 139758205901696 Asked to redirect(302) to: https://qt.mirror.constant.com/online/qtsdkrepository/linux_x64/desktop/qt6_650/qt.qt6.650.gcc_64/6.5.0-0-202303290841qttranslations-Linux-RHEL_8_4-GCC-Linux-RHEL_8_4-X86_64.7z
2025-07-08 07:48:26,338 - aqt.helper - INFO - helper 139758205901696 Redirected: qt.mirror.constant.com
2025-07-08 07:48:26,751 - aqt.installer - INFO - installer 139758205901696 Finished installation of qttranslations-Linux-RHEL_8_4-GCC-Linux-RHEL_8_4-X86_64.7z in 1.67005710
2025-07-08 07:48:26,770 - aqt.helper - DEBUG - helper 139758205901696 Attempt to download checksum at https://download.qt.io/online/qtsdkrepository/linux_x64/desktop/qt6_650/qt.qt6.650.gcc_64/6.5.0-0-202303290841qtwayland-Linux-RHEL_8_4-GCC-Linux-RHEL_8_4-X86_64.7z.sha256
2025-07-08 07:48:27,595 - aqt.helper - INFO - helper 139758205901696 Downloading qtwayland...
2025-07-08 07:48:27,596 - aqt.installer - DEBUG - installer 139758205901696 Download URL: https://download.qt.io/online/qtsdkrepository/linux_x64/desktop/qt6_650/qt.qt6.650.gcc_64/6.5.0-0-202303290841qtwayland-Linux-RHEL_8_4-GCC-Linux-RHEL_8_4-X86_64.7z
2025-07-08 07:48:27,930 - aqt.installer - INFO - installer 140506703760256 Finished installation of qtbase-Linux-RHEL_8_4-GCC-Linux-RHEL_8_4-X86_64.7z in 4.47952240
2025-07-08 07:48:27,945 - aqt.helper - DEBUG - helper 140506703760256 Attempt to download checksum at https://download.qt.io/online/qtsdkrepository/linux_x64/desktop/qt6_650/qt.qt6.650.gcc_64/6.5.0-0-202303290841icu-linux-Rhel7.2-x64.7z.sha256
2025-07-08 07:48:28,131 - aqt.helper - DEBUG - helper 139758205901696 Asked to redirect(302) to: https://qt.mirror.constant.com/online/qtsdkrepository/linux_x64/desktop/qt6_650/qt.qt6.650.gcc_64/6.5.0-0-202303290841qtwayland-Linux-RHEL_8_4-GCC-Linux-RHEL_8_4-X86_64.7z
2025-07-08 07:48:28,132 - aqt.helper - INFO - helper 139758205901696 Redirected: qt.mirror.constant.com
2025-07-08 07:48:28,425 - aqt.installer - INFO - installer 139758205901696 Finished installation of qtwayland-Linux-RHEL_8_4-GCC-Linux-RHEL_8_4-X86_64.7z in 1.65704205
2025-07-08 07:48:28,466 - aqt.installer - INFO - installer 140408922585984 Finished installation of qttools-Linux-RHEL_8_4-GCC-Linux-RHEL_8_4-X86_64.7z in 4.94527688
2025-07-08 07:48:28,481 - aqt.helper - INFO - helper 140506703760256 Downloading icu...
2025-07-08 07:48:28,482 - aqt.installer - DEBUG - installer 140506703760256 Download URL: https://download.qt.io/online/qtsdkrepository/linux_x64/desktop/qt6_650/qt.qt6.650.gcc_64/6.5.0-0-202303290841icu-linux-Rhel7.2-x64.7z
2025-07-08 07:48:29,116 - aqt.helper - DEBUG - helper 140506703760256 Asked to redirect(302) to: https://qt.mirror.constant.com/online/qtsdkrepository/linux_x64/desktop/qt6_650/qt.qt6.650.gcc_64/6.5.0-0-202303290841icu-linux-Rhel7.2-x64.7z
2025-07-08 07:48:29,116 - aqt.helper - INFO - helper 140506703760256 Redirected: qt.mirror.constant.com
2025-07-08 07:48:29,834 - aqt.installer - INFO - installer 140506703760256 Finished installation of icu-linux-Rhel7.2-x64.7z in 1.88975303
2025-07-08 07:48:31,352 - aqt.installer - INFO - installer 139871353191296 Finished installation of qtdeclarative-Linux-RHEL_8_4-GCC-Linux-RHEL_8_4-X86_64.7z in 7.88029953
2025-07-08 07:48:31,433 - aqt.updater - INFO - updater 140280410778496 Patching /home/runner/work/clap-jules/Qt/6.5.0/gcc_64/bin/qmake
2025-07-08 07:48:31,437 - aqt.updater - INFO - updater 140280410778496 Patching /home/runner/work/clap-jules/Qt/6.5.0/gcc_64/lib/pkgconfig/Qt6Platform.pc
2025-07-08 07:48:31,437 - aqt.updater - INFO - updater 140280410778496 Patching /home/runner/work/clap-jules/Qt/6.5.0/gcc_64/lib/pkgconfig/Qt6LabsSharedImage.pc
2025-07-08 07:48:31,437 - aqt.updater - INFO - updater 140280410778496 Patching /home/runner/work/clap-jules/Qt/6.5.0/gcc_64/lib/pkgconfig/Qt6Help.pc
2025-07-08 07:48:31,438 - aqt.updater - INFO - updater 140280410778496 Patching /home/runner/work/clap-jules/Qt/6.5.0/gcc_64/lib/pkgconfig/Qt6QmlXmlListModel.pc
2025-07-08 07:48:31,438 - aqt.updater - INFO - updater 140280410778496 Patching /home/runner/work/clap-jules/Qt/6.5.0/gcc_64/lib/pkgconfig/Qt6QuickControls2.pc
2025-07-08 07:48:31,438 - aqt.updater - INFO - updater 140280410778496 Patching /home/runner/work/clap-jules/Qt/6.5.0/gcc_64/lib/pkgconfig/Qt6QuickTemplates2.pc
2025-07-08 07:48:31,438 - aqt.updater - INFO - updater 140280410778496 Patching /home/runner/work/clap-jules/Qt/6.5.0/gcc_64/lib/pkgconfig/Qt6LabsQmlModels.pc
2025-07-08 07:48:31,439 - aqt.updater - INFO - updater 140280410778496 Patching /home/runner/work/clap-jules/Qt/6.5.0/gcc_64/lib/pkgconfig/Qt6OpenGLWidgets.pc
2025-07-08 07:48:31,439 - aqt.updater - INFO - updater 140280410778496 Patching /home/runner/work/clap-jules/Qt/6.5.0/gcc_64/lib/pkgconfig/Qt6Linguist.pc
2025-07-08 07:48:31,439 - aqt.updater - INFO - updater 140280410778496 Patching /home/runner/work/clap-jules/Qt/6.5.0/gcc_64/lib/pkgconfig/Qt6Test.pc
2025-07-08 07:48:31,439 - aqt.updater - INFO - updater 140280410778496 Patching /home/runner/work/clap-jules/Qt/6.5.0/gcc_64/lib/pkgconfig/Qt6QuickLayouts.pc
2025-07-08 07:48:31,440 - aqt.updater - INFO - updater 140280410778496 Patching /home/runner/work/clap-jules/Qt/6.5.0/gcc_64/lib/pkgconfig/Qt6QuickDialogs2QuickImpl.pc
2025-07-08 07:48:31,440 - aqt.updater - INFO - updater 140280410778496 Patching /home/runner/work/clap-jules/Qt/6.5.0/gcc_64/lib/pkgconfig/Qt6DBus.pc
2025-07-08 07:48:31,440 - aqt.updater - INFO - updater 140280410778496 Patching /home/runner/work/clap-jules/Qt/6.5.0/gcc_64/lib/pkgconfig/Qt6Gui.pc
2025-07-08 07:48:31,440 - aqt.updater - INFO - updater 140280410778496 Patching /home/runner/work/clap-jules/Qt/6.5.0/gcc_64/lib/pkgconfig/Qt6PrintSupport.pc
2025-07-08 07:48:31,441 - aqt.updater - INFO - updater 140280410778496 Patching /home/runner/work/clap-jules/Qt/6.5.0/gcc_64/lib/pkgconfig/Qt6Concurrent.pc
2025-07-08 07:48:31,441 - aqt.updater - INFO - updater 140280410778496 Patching /home/runner/work/clap-jules/Qt/6.5.0/gcc_64/lib/pkgconfig/Qt6QuickTest.pc
2025-07-08 07:48:31,441 - aqt.updater - INFO - updater 140280410778496 Patching /home/runner/work/clap-jules/Qt/6.5.0/gcc_64/lib/pkgconfig/Qt6QuickControls2Impl.pc
2025-07-08 07:48:31,441 - aqt.updater - INFO - updater 140280410778496 Patching /home/runner/work/clap-jules/Qt/6.5.0/gcc_64/lib/pkgconfig/Qt6QuickWidgets.pc
2025-07-08 07:48:31,442 - aqt.updater - INFO - updater 140280410778496 Patching /home/runner/work/clap-jules/Qt/6.5.0/gcc_64/lib/pkgconfig/Qt6QmlLocalStorage.pc
2025-07-08 07:48:31,442 - aqt.updater - INFO - updater 140280410778496 Patching /home/runner/work/clap-jules/Qt/6.5.0/gcc_64/lib/pkgconfig/Qt6Widgets.pc
2025-07-08 07:48:31,442 - aqt.updater - INFO - updater 140280410778496 Patching /home/runner/work/clap-jules/Qt/6.5.0/gcc_64/lib/pkgconfig/Qt6UiPlugin.pc
2025-07-08 07:48:31,442 - aqt.updater - INFO - updater 140280410778496 Patching /home/runner/work/clap-jules/Qt/6.5.0/gcc_64/lib/pkgconfig/Qt6Svg.pc
2025-07-08 07:48:31,443 - aqt.updater - INFO - updater 140280410778496 Patching /home/runner/work/clap-jules/Qt/6.5.0/gcc_64/lib/pkgconfig/Qt6WaylandClient.pc
2025-07-08 07:48:31,443 - aqt.updater - INFO - updater 140280410778496 Patching /home/runner/work/clap-jules/Qt/6.5.0/gcc_64/lib/pkgconfig/Qt6Quick.pc
2025-07-08 07:48:31,443 - aqt.updater - INFO - updater 140280410778496 Patching /home/runner/work/clap-jules/Qt/6.5.0/gcc_64/lib/pkgconfig/Qt6Qml.pc
2025-07-08 07:48:31,443 - aqt.updater - INFO - updater 140280410778496 Patching /home/runner/work/clap-jules/Qt/6.5.0/gcc_64/lib/pkgconfig/Qt6QuickDialogs2.pc
2025-07-08 07:48:31,444 - aqt.updater - INFO - updater 140280410778496 Patching /home/runner/work/clap-jules/Qt/6.5.0/gcc_64/lib/pkgconfig/Qt6LabsFolderListModel.pc
2025-07-08 07:48:31,444 - aqt.updater - INFO - updater 140280410778496 Patching /home/runner/work/clap-jules/Qt/6.5.0/gcc_64/lib/pkgconfig/Qt6Core.pc
2025-07-08 07:48:31,444 - aqt.updater - INFO - updater 140280410778496 Patching /home/runner/work/clap-jules/Qt/6.5.0/gcc_64/lib/pkgconfig/Qt6LabsSettings.pc
2025-07-08 07:48:31,444 - aqt.updater - INFO - updater 140280410778496 Patching /home/runner/work/clap-jules/Qt/6.5.0/gcc_64/lib/pkgconfig/Qt6Sql.pc
2025-07-08 07:48:31,445 - aqt.updater - INFO - updater 140280410778496 Patching /home/runner/work/clap-jules/Qt/6.5.0/gcc_64/lib/pkgconfig/Qt6QmlModels.pc
2025-07-08 07:48:31,445 - aqt.updater - INFO - updater 140280410778496 Patching /home/runner/work/clap-jules/Qt/6.5.0/gcc_64/lib/pkgconfig/Qt6Designer.pc
2025-07-08 07:48:31,445 - aqt.updater - INFO - updater 140280410778496 Patching /home/runner/work/clap-jules/Qt/6.5.0/gcc_64/lib/pkgconfig/Qt6Xml.pc
2025-07-08 07:48:31,445 - aqt.updater - INFO - updater 140280410778496 Patching /home/runner/work/clap-jules/Qt/6.5.0/gcc_64/lib/pkgconfig/Qt6SvgWidgets.pc
2025-07-08 07:48:31,445 - aqt.updater - INFO - updater 140280410778496 Patching /home/runner/work/clap-jules/Qt/6.5.0/gcc_64/lib/pkgconfig/Qt6LabsAnimation.pc
2025-07-08 07:48:31,446 - aqt.updater - INFO - updater 140280410778496 Patching /home/runner/work/clap-jules/Qt/6.5.0/gcc_64/lib/pkgconfig/Qt6Network.pc
2025-07-08 07:48:31,446 - aqt.updater - INFO - updater 140280410778496 Patching /home/runner/work/clap-jules/Qt/6.5.0/gcc_64/lib/pkgconfig/Qt6QmlWorkerScript.pc
2025-07-08 07:48:31,446 - aqt.updater - INFO - updater 140280410778496 Patching /home/runner/work/clap-jules/Qt/6.5.0/gcc_64/lib/pkgconfig/Qt6QuickDialogs2Utils.pc
2025-07-08 07:48:31,446 - aqt.updater - INFO - updater 140280410778496 Patching /home/runner/work/clap-jules/Qt/6.5.0/gcc_64/lib/pkgconfig/Qt6QmlCore.pc
2025-07-08 07:48:31,447 - aqt.updater - INFO - updater 140280410778496 Patching /home/runner/work/clap-jules/Qt/6.5.0/gcc_64/lib/pkgconfig/Qt6OpenGL.pc
2025-07-08 07:48:31,447 - aqt.updater - INFO - updater 140280410778496 Patching /home/runner/work/clap-jules/Qt/6.5.0/gcc_64/lib/pkgconfig/Qt6UiTools.pc
2025-07-08 07:48:31,447 - aqt.updater - INFO - updater 140280410778496 Patching /home/runner/work/clap-jules/Qt/6.5.0/gcc_64/lib/pkgconfig/Qt6LabsWavefrontMesh.pc
2025-07-08 07:48:31,447 - aqt.updater - INFO - updater 140280410778496 Patching /home/runner/work/clap-jules/Qt/6.5.0/gcc_64/lib/pkgconfig/Qt6QmlIntegration.pc
2025-07-08 07:48:31,448 - aqt.updater - INFO - updater 140280410778496 Patching /home/runner/work/clap-jules/Qt/6.5.0/gcc_64/lib/libQt6QuickWidgets.prl
2025-07-08 07:48:31,449 - aqt.updater - INFO - updater 140280410778496 Patching /home/runner/work/clap-jules/Qt/6.5.0/gcc_64/lib/libQt6Xml.prl
2025-07-08 07:48:31,449 - aqt.updater - INFO - updater 140280410778496 Patching /home/runner/work/clap-jules/Qt/6.5.0/gcc_64/lib/libQt6QuickLayouts.prl
2025-07-08 07:48:31,449 - aqt.updater - INFO - updater 140280410778496 Patching /home/runner/work/clap-jules/Qt/6.5.0/gcc_64/lib/libQt6Designer.prl
2025-07-08 07:48:31,449 - aqt.updater - INFO - updater 140280410778496 Patching /home/runner/work/clap-jules/Qt/6.5.0/gcc_64/lib/libQt6QuickTemplates2.prl
2025-07-08 07:48:31,450 - aqt.updater - INFO - updater 140280410778496 Patching /home/runner/work/clap-jules/Qt/6.5.0/gcc_64/lib/libQt6DesignerComponents.prl
2025-07-08 07:48:31,450 - aqt.updater - INFO - updater 140280410778496 Patching /home/runner/work/clap-jules/Qt/6.5.0/gcc_64/lib/libQt6QmlWorkerScript.prl
2025-07-08 07:48:31,450 - aqt.updater - INFO - updater 140280410778496 Patching /home/runner/work/clap-jules/Qt/6.5.0/gcc_64/lib/libQt6DBus.prl
2025-07-08 07:48:31,450 - aqt.updater - INFO - updater 140280410778496 Patching /home/runner/work/clap-jules/Qt/6.5.0/gcc_64/lib/libQt6QuickDialogs2QuickImpl.prl
2025-07-08 07:48:31,451 - aqt.updater - INFO - updater 140280410778496 Patching /home/runner/work/clap-jules/Qt/6.5.0/gcc_64/lib/libQt6WaylandEglClientHwIntegration.prl
2025-07-08 07:48:31,451 - aqt.updater - INFO - updater 140280410778496 Patching /home/runner/work/clap-jules/Qt/6.5.0/gcc_64/lib/libQt6EglFsKmsSupport.prl
2025-07-08 07:48:31,451 - aqt.updater - INFO - updater 140280410778496 Patching /home/runner/work/clap-jules/Qt/6.5.0/gcc_64/lib/libQt6FbSupport.prl
2025-07-08 07:48:31,451 - aqt.updater - INFO - updater 140280410778496 Patching /home/runner/work/clap-jules/Qt/6.5.0/gcc_64/lib/libQt6QmlModels.prl
2025-07-08 07:48:31,451 - aqt.updater - INFO - updater 140280410778496 Patching /home/runner/work/clap-jules/Qt/6.5.0/gcc_64/lib/libQt6PacketProtocol.prl
2025-07-08 07:48:31,452 - aqt.updater - INFO - updater 140280410778496 Patching /home/runner/work/clap-jules/Qt/6.5.0/gcc_64/lib/libQt6KmsSupport.prl
2025-07-08 07:48:31,452 - aqt.updater - INFO - updater 140280410778496 Patching /home/runner/work/clap-jules/Qt/6.5.0/gcc_64/lib/libQt6QmlXmlListModel.prl
2025-07-08 07:48:31,452 - aqt.updater - INFO - updater 140280410778496 Patching /home/runner/work/clap-jules/Qt/6.5.0/gcc_64/lib/libQt6QmlDom.prl
2025-07-08 07:48:31,452 - aqt.updater - INFO - updater 140280410778496 Patching /home/runner/work/clap-jules/Qt/6.5.0/gcc_64/lib/libQt6QuickControls2.prl
2025-07-08 07:48:31,453 - aqt.updater - INFO - updater 140280410778496 Patching /home/runner/work/clap-jules/Qt/6.5.0/gcc_64/lib/libQt6Help.prl
2025-07-08 07:48:31,453 - aqt.updater - INFO - updater 140280410778496 Patching /home/runner/work/clap-jules/Qt/6.5.0/gcc_64/lib/libQt6QmlCompiler.prl
2025-07-08 07:48:31,453 - aqt.updater - INFO - updater 140280410778496 Patching /home/runner/work/clap-jules/Qt/6.5.0/gcc_64/lib/libQt6QmlTypeRegistrar.prl
2025-07-08 07:48:31,453 - aqt.updater - INFO - updater 140280410778496 Patching /home/runner/work/clap-jules/Qt/6.5.0/gcc_64/lib/libQt6QuickParticles.prl
2025-07-08 07:48:31,454 - aqt.updater - INFO - updater 140280410778496 Patching /home/runner/work/clap-jules/Qt/6.5.0/gcc_64/lib/libQt6QuickEffects.prl
2025-07-08 07:48:31,454 - aqt.updater - INFO - updater 140280410778496 Patching /home/runner/work/clap-jules/Qt/6.5.0/gcc_64/lib/libQt6Test.prl
2025-07-08 07:48:31,454 - aqt.updater - INFO - updater 140280410778496 Patching /home/runner/work/clap-jules/Qt/6.5.0/gcc_64/lib/libQt6OpenGL.prl
2025-07-08 07:48:31,454 - aqt.updater - INFO - updater 140280410778496 Patching /home/runner/work/clap-jules/Qt/6.5.0/gcc_64/lib/libQt6QuickDialogs2.prl
2025-07-08 07:48:31,455 - aqt.updater - INFO - updater 140280410778496 Patching /home/runner/work/clap-jules/Qt/6.5.0/gcc_64/lib/libQt6XcbQpa.prl
2025-07-08 07:48:31,455 - aqt.updater - INFO - updater 140280410778496 Patching /home/runner/work/clap-jules/Qt/6.5.0/gcc_64/lib/libQt6LabsWavefrontMesh.prl
2025-07-08 07:48:31,455 - aqt.updater - INFO - updater 140280410778496 Patching /home/runner/work/clap-jules/Qt/6.5.0/gcc_64/lib/libQt6QuickControls2Impl.prl
2025-07-08 07:48:31,455 - aqt.updater - INFO - updater 140280410778496 Patching /home/runner/work/clap-jules/Qt/6.5.0/gcc_64/lib/libQt6OpenGLWidgets.prl
2025-07-08 07:48:31,456 - aqt.updater - INFO - updater 140280410778496 Patching /home/runner/work/clap-jules/Qt/6.5.0/gcc_64/lib/libQt6QmlDebug.prl
2025-07-08 07:48:31,456 - aqt.updater - INFO - updater 140280410778496 Patching /home/runner/work/clap-jules/Qt/6.5.0/gcc_64/lib/libQt6LabsQmlModels.prl
2025-07-08 07:48:31,456 - aqt.updater - INFO - updater 140280410778496 Patching /home/runner/work/clap-jules/Qt/6.5.0/gcc_64/lib/libQt6QmlLocalStorage.prl
2025-07-08 07:48:31,456 - aqt.updater - INFO - updater 140280410778496 Patching /home/runner/work/clap-jules/Qt/6.5.0/gcc_64/lib/libQt6LabsSettings.prl
2025-07-08 07:48:31,456 - aqt.updater - INFO - updater 140280410778496 Patching /home/runner/work/clap-jules/Qt/6.5.0/gcc_64/lib/libQt6Core.prl
2025-07-08 07:48:31,457 - aqt.updater - INFO - updater 140280410778496 Patching /home/runner/work/clap-jules/Qt/6.5.0/gcc_64/lib/libQt6WaylandClient.prl
2025-07-08 07:48:31,457 - aqt.updater - INFO - updater 140280410778496 Patching /home/runner/work/clap-jules/Qt/6.5.0/gcc_64/lib/libQt6QuickTestUtils.prl
2025-07-08 07:48:31,457 - aqt.updater - INFO - updater 140280410778496 Patching /home/runner/work/clap-jules/Qt/6.5.0/gcc_64/lib/libQt6QuickDialogs2Utils.prl
2025-07-08 07:48:31,457 - aqt.updater - INFO - updater 140280410778496 Patching /home/runner/work/clap-jules/Qt/6.5.0/gcc_64/lib/libQt6QuickControlsTestUtils.prl
2025-07-08 07:48:31,458 - aqt.updater - INFO - updater 140280410778496 Patching /home/runner/work/clap-jules/Qt/6.5.0/gcc_64/lib/libQt6UiTools.prl
2025-07-08 07:48:31,458 - aqt.updater - INFO - updater 140280410778496 Patching /home/runner/work/clap-jules/Qt/6.5.0/gcc_64/lib/libQt6DeviceDiscoverySupport.prl
2025-07-08 07:48:31,458 - aqt.updater - INFO - updater 140280410778496 Patching /home/runner/work/clap-jules/Qt/6.5.0/gcc_64/lib/libQt6PrintSupport.prl
2025-07-08 07:48:31,458 - aqt.updater - INFO - updater 140280410778496 Patching /home/runner/work/clap-jules/Qt/6.5.0/gcc_64/lib/libQt6Qml.prl
2025-07-08 07:48:31,459 - aqt.updater - INFO - updater 140280410778496 Patching /home/runner/work/clap-jules/Qt/6.5.0/gcc_64/lib/libQt6Network.prl
2025-07-08 07:48:31,459 - aqt.updater - INFO - updater 140280410778496 Patching /home/runner/work/clap-jules/Qt/6.5.0/gcc_64/lib/libQt6WlShellIntegration.prl
2025-07-08 07:48:31,459 - aqt.updater - INFO - updater 140280410778496 Patching /home/runner/work/clap-jules/Qt/6.5.0/gcc_64/lib/libQt6Svg.prl
2025-07-08 07:48:31,459 - aqt.updater - INFO - updater 140280410778496 Patching /home/runner/work/clap-jules/Qt/6.5.0/gcc_64/lib/libQt6LabsFolderListModel.prl
2025-07-08 07:48:31,459 - aqt.updater - INFO - updater 140280410778496 Patching /home/runner/work/clap-jules/Qt/6.5.0/gcc_64/lib/libQt6QmlCore.prl
2025-07-08 07:48:31,460 - aqt.updater - INFO - updater 140280410778496 Patching /home/runner/work/clap-jules/Qt/6.5.0/gcc_64/lib/libQt6Sql.prl
2025-07-08 07:48:31,460 - aqt.updater - INFO - updater 140280410778496 Patching /home/runner/work/clap-jules/Qt/6.5.0/gcc_64/lib/libQt6QuickTest.prl
2025-07-08 07:48:31,460 - aqt.updater - INFO - updater 140280410778496 Patching /home/runner/work/clap-jules/Qt/6.5.0/gcc_64/lib/libQt6LabsSharedImage.prl
2025-07-08 07:48:31,460 - aqt.updater - INFO - updater 140280410778496 Patching /home/runner/work/clap-jules/Qt/6.5.0/gcc_64/lib/libQt6LabsAnimation.prl
2025-07-08 07:48:31,461 - aqt.updater - INFO - updater 140280410778496 Patching /home/runner/work/clap-jules/Qt/6.5.0/gcc_64/lib/libQt6QuickShapes.prl
2025-07-08 07:48:31,461 - aqt.updater - INFO - updater 140280410778496 Patching /home/runner/work/clap-jules/Qt/6.5.0/gcc_64/lib/libQt6Widgets.prl
2025-07-08 07:48:31,461 - aqt.updater - INFO - updater 140280410778496 Patching /home/runner/work/clap-jules/Qt/6.5.0/gcc_64/lib/libQt6InputSupport.prl
2025-07-08 07:48:31,461 - aqt.updater - INFO - updater 140280410778496 Patching /home/runner/work/clap-jules/Qt/6.5.0/gcc_64/lib/libQt6Concurrent.prl
2025-07-08 07:48:31,461 - aqt.updater - INFO - updater 140280410778496 Patching /home/runner/work/clap-jules/Qt/6.5.0/gcc_64/lib/libQt6SvgWidgets.prl
2025-07-08 07:48:31,462 - aqt.updater - INFO - updater 140280410778496 Patching /home/runner/work/clap-jules/Qt/6.5.0/gcc_64/lib/libQt6Gui.prl
2025-07-08 07:48:31,462 - aqt.updater - INFO - updater 140280410778496 Patching /home/runner/work/clap-jules/Qt/6.5.0/gcc_64/lib/libQt6Quick.prl
2025-07-08 07:48:31,462 - aqt.updater - INFO - updater 140280410778496 Patching /home/runner/work/clap-jules/Qt/6.5.0/gcc_64/lib/libQt6EglFSDeviceIntegration.prl
2025-07-08 07:48:31,462 - aqt.main - INFO - installer 140280410778496 Finished installation
2025-07-08 07:48:31,462 - aqt.main - INFO - installer 140280410778496 Time elapsed: 9.94145444 second
